// Jest Snapshot v1, https://goo.gl/fbAQLP

exports[`renders correctly 1`] = `
<div
  addClassName="calculator"
>
  <div>
    <a
      href="/"
      onClick={[Function]}
    >
      Home 
    </a>
    <a
      href="/App"
      onClick={[Function]}
    >
      Calculator 
    </a>
    <a
      href="/Quote"
      onClick={[Function]}
    >
      Quote 
    </a>
  </div>
  <h1
    style={
      Object {
        "textAlign": "center",
      }
    }
  >
    Math Magicians
  </h1>
  <p
    style={
      Object {
        "margin": "0 auto",
        "width": "75em",
      }
    }
  >
    Welcome to the mathemajician home
  </p>
</div>
`;
